// Jest Snapshot v1, https://goo.gl/fbAQLP

exports[`passwordUpdated should render correctly 1`] = `
<Component
  description="Password Updated page of the Fares Data Build Tool"
  title="Password Updated - Fares Data Build Tool"
>
  <h1
    className="govuk-heading-l"
  >
    Password Updated
  </h1>
  <p
    className="govuk-body-l"
  >
    Your password has been updated successfully
  </p>
  <a
    className="govuk-button"
    data-module="govuk-button"
    draggable="false"
    href="/"
    id="continue-button"
    role="button"
  >
    Continue
  </a>
</Component>
`;
