// Jest Snapshot v1, https://goo.gl/fbAQLP

exports[`pages periodProduct should render correctly 1`] = `
<Layout
  description="Fare Type selection page of the Fares data build tool"
  title="FareType - Fares data build tool"
>
  <main
    className="govuk-main-wrapper app-main-class"
    id="main-content"
    role="main"
  >
    <form
      action="/api/periodProduct"
      method="post"
    >
      <div
        className="govuk-form-group"
      >
        <fieldset
          aria-describedby="period-product-page-heading"
          className="govuk-fieldset"
        >
          <legend
            className="govuk-fieldset__legend govuk-fieldset__legend--xl"
          >
            <h1
              className="govuk-fieldset__heading"
              id="period-product-page-heading"
            >
              Enter your product details
            </h1>
          </legend>
          <span
            className="govuk-hint"
            id="service-operator-hint"
          >
            bus company
             - 
            Test Zone
          </span>
        </fieldset>
        <div
          className="govuk-form-group "
        >
          <label
            className="govuk-label"
            htmlFor="periodProductName"
          >
            Product Name
          </label>
          <span
            className="govuk-hint"
            id="product-name-hint"
          >
            Please enter the name of your product
          </span>
          <span
            className="govuk-error-message"
            id="product-price-error"
          >
            <span
              className="govuk-visually-hidden"
            />
          </span>
          <input
            className="govuk-input govuk-input--width-30 govuk-product-name-input__inner__input  "
            defaultValue=""
            id="periodProductName"
            maxLength={50}
            name="periodProductNameInput"
            type="text"
          />
        </div>
        <div
          className="govuk-form-group "
        >
          <label
            className="govuk-label"
            htmlFor="periodProductPrice"
          >
            Product Price
          </label>
          <span
            className="govuk-hint"
            id="product-price-hint"
          >
            For example, £2.99
          </span>
          <span
            className="govuk-error-message"
            id="product-price-error"
          >
            <span
              className="govuk-visually-hidden"
            />
          </span>
          <div
            className="govuk-currency-input"
          >
            <div
              className="govuk-currency-input__inner"
            >
              <span
                className="govuk-currency-input__inner__unit"
              >
                £
              </span>
              <input
                aria-label="Enter amount in pounds"
                className="govuk-input govuk-input--width-10 govuk-currency-input__inner__input "
                data-non-numeric={true}
                defaultValue=""
                id="periodProductPrice"
                name="periodProductPriceInput"
                type="text"
              />
            </div>
          </div>
        </div>
      </div>
      <input
        className="govuk-button govuk-button--start"
        id="continue-button"
        type="submit"
        value="Continue"
      />
    </form>
  </main>
</Layout>
`;
