// Jest Snapshot v1, https://goo.gl/fbAQLP

exports[`pages selectPurchaseMethods should render an error when an error message is passed through to props 1`] = `
<FullColumnLayout
  description="Purchase Methods selection page of the Create Fares Data Service"
  title="Select Purchase Methods - Create Fares Data Service"
>
  <CsrfForm
    action="/api/selectSalesOfferPackage"
    csrfToken=""
    method="post"
  >
    <ErrorSummary
      errors={
        Array [
          Object {
            "errorMessage": "Choose at least one service from the options",
            "id": "sales-offer-package-error",
          },
        ]
      }
    />
    <h1
      className="govuk-heading-l"
      id="select-sales-offer-package-page-heading"
    >
      How are your tickets sold?
    </h1>
    <div
      className="govuk-warning-text"
    >
      <span
        aria-hidden="true"
        className="govuk-warning-text__icon govuk-!-margin-top-1"
      >
        !
      </span>
      <strong
        className="govuk-warning-text__text"
      >
        <span
          className="govuk-warning-text__assistive"
        >
          Warning
        </span>
        You can create new purchase methods in your
         
        <a
          className="govuk-link"
          href="/viewPurchaseMethods"
        >
          operator settings.
        </a>
         
        <br />
        Don't worry you can navigate back to this page when you are finished.
      </strong>
    </div>
    <input
      className="govuk-button"
      id="continue-button"
      type="submit"
      value="Continue"
    />
    <a
      className="govuk-button govuk-button--secondary create-new-sop-button"
      data-module="govuk-button"
      draggable="false"
      href="/viewPurchaseMethods"
      id="create-new-button"
      role="button"
    >
      Create new
    </a>
  </CsrfForm>
</FullColumnLayout>
`;

exports[`pages selectPurchaseMethods should render correctly 1`] = `
<FullColumnLayout
  description="Purchase Methods selection page of the Create Fares Data Service"
  title="Select Purchase Methods - Create Fares Data Service"
>
  <CsrfForm
    action="/api/selectSalesOfferPackage"
    csrfToken=""
    method="post"
  >
    <ErrorSummary
      errors={Array []}
    />
    <h1
      className="govuk-heading-l"
      id="select-sales-offer-package-page-heading"
    >
      How are your tickets sold?
    </h1>
    <div
      className="govuk-warning-text"
    >
      <span
        aria-hidden="true"
        className="govuk-warning-text__icon govuk-!-margin-top-1"
      >
        !
      </span>
      <strong
        className="govuk-warning-text__text"
      >
        <span
          className="govuk-warning-text__assistive"
        >
          Warning
        </span>
        You can create new purchase methods in your
         
        <a
          className="govuk-link"
          href="/viewPurchaseMethods"
        >
          operator settings.
        </a>
         
        <br />
        Don't worry you can navigate back to this page when you are finished.
      </strong>
    </div>
    <div
      className="sop-option"
      key="Great Product"
    >
      <FormGroupWrapper
        errorIds={
          Array [
            "product-GreatProduct-checkbox-0",
          ]
        }
        errors={Array []}
        hideErrorBar={false}
      >
        <fieldset
          className="govuk-fieldset"
        >
          <h1
            className="govuk-heading-m govuk-!-font-weight-regular govuk-!-padding-top-6 govuk-!-padding-bottom-2"
          >
            How is 
            <span
              className="govuk-!-font-weight-bold"
            >
              Great Product
            </span>
             sold?
          </h1>
          <FormElementWrapper
            errorClass=""
            errorId="product-GreatProduct-checkbox-0"
            errors={Array []}
          >
            <div
              className="govuk-checkboxes"
            >
              <div
                className="card-row"
              >
                <div
                  className="card"
                  key="checkbox-item-Onboard (cash)"
                >
                  <div
                    className="card__body card_align"
                  >
                    <div
                      className="govuk-checkboxes__item card__selector"
                    >
                      <input
                        className="govuk-checkboxes__input"
                        defaultChecked={false}
                        id="product-GreatProduct-checkbox-0"
                        name="^0^0-product-Great Product"
                        onChange={[Function]}
                        type="checkbox"
                        value="{\\"id\\":1,\\"name\\":\\"Onboard (cash)\\",\\"description\\":\\"\\",\\"purchaseLocations\\":[\\"onBoard\\"],\\"paymentMethods\\":[\\"cash\\"],\\"ticketFormats\\":[\\"paperTicket\\"]}"
                      />
                      <label
                        className="govuk-label govuk-checkboxes__label"
                        htmlFor="product-GreatProduct-checkbox-0"
                      />
                    </div>
                    <PurchaseMethodCardBody
                      entity={
                        Object {
                          "description": "",
                          "id": 1,
                          "name": "Onboard (cash)",
                          "paymentMethods": Array [
                            "cash",
                          ],
                          "purchaseLocations": Array [
                            "onBoard",
                          ],
                          "ticketFormats": Array [
                            "paperTicket",
                          ],
                        }
                      }
                    />
                  </div>
                </div>
                <div
                  className="card"
                  key="checkbox-item-Onboard (contactless)"
                >
                  <div
                    className="card__body card_align"
                  >
                    <div
                      className="govuk-checkboxes__item card__selector"
                    >
                      <input
                        className="govuk-checkboxes__input"
                        defaultChecked={false}
                        id="product-GreatProduct-checkbox-1"
                        name="^0^1-product-Great Product"
                        onChange={[Function]}
                        type="checkbox"
                        value="{\\"id\\":2,\\"name\\":\\"Onboard (contactless)\\",\\"description\\":\\"\\",\\"purchaseLocations\\":[\\"onBoard\\"],\\"paymentMethods\\":[\\"contactlessPaymentCard\\"],\\"ticketFormats\\":[\\"paperTicket\\"]}"
                      />
                      <label
                        className="govuk-label govuk-checkboxes__label"
                        htmlFor="product-GreatProduct-checkbox-1"
                      />
                    </div>
                    <PurchaseMethodCardBody
                      entity={
                        Object {
                          "description": "",
                          "id": 2,
                          "name": "Onboard (contactless)",
                          "paymentMethods": Array [
                            "contactlessPaymentCard",
                          ],
                          "purchaseLocations": Array [
                            "onBoard",
                          ],
                          "ticketFormats": Array [
                            "paperTicket",
                          ],
                        }
                      }
                    />
                  </div>
                </div>
                <div
                  className="card"
                  key="checkbox-item-Online (smart card)"
                >
                  <div
                    className="card__body card_align"
                  >
                    <div
                      className="govuk-checkboxes__item card__selector"
                    >
                      <input
                        className="govuk-checkboxes__input"
                        defaultChecked={false}
                        id="product-GreatProduct-checkbox-2"
                        name="^0^2-product-Great Product"
                        onChange={[Function]}
                        type="checkbox"
                        value="{\\"id\\":3,\\"name\\":\\"Online (smart card)\\",\\"description\\":\\"\\",\\"purchaseLocations\\":[\\"online\\"],\\"paymentMethods\\":[\\"directDebit\\",\\"creditCard\\",\\"debitCard\\"],\\"ticketFormats\\":[\\"smartCard\\"]}"
                      />
                      <label
                        className="govuk-label govuk-checkboxes__label"
                        htmlFor="product-GreatProduct-checkbox-2"
                      />
                    </div>
                    <PurchaseMethodCardBody
                      entity={
                        Object {
                          "description": "",
                          "id": 3,
                          "name": "Online (smart card)",
                          "paymentMethods": Array [
                            "directDebit",
                            "creditCard",
                            "debitCard",
                          ],
                          "purchaseLocations": Array [
                            "online",
                          ],
                          "ticketFormats": Array [
                            "smartCard",
                          ],
                        }
                      }
                    />
                  </div>
                </div>
                <div
                  className="card"
                  key="checkbox-item-Mobile App"
                >
                  <div
                    className="card__body card_align"
                  >
                    <div
                      className="govuk-checkboxes__item card__selector"
                    >
                      <input
                        className="govuk-checkboxes__input"
                        defaultChecked={false}
                        id="product-GreatProduct-checkbox-3"
                        name="^0^3-product-Great Product"
                        onChange={[Function]}
                        type="checkbox"
                        value="{\\"id\\":4,\\"name\\":\\"Mobile App\\",\\"description\\":\\"\\",\\"purchaseLocations\\":[\\"mobileDevice\\"],\\"paymentMethods\\":[\\"debitCard\\",\\"creditCard\\",\\"mobilePhone\\",\\"directDebit\\"],\\"ticketFormats\\":[\\"mobileApp\\"]}"
                      />
                      <label
                        className="govuk-label govuk-checkboxes__label"
                        htmlFor="product-GreatProduct-checkbox-3"
                      />
                    </div>
                    <PurchaseMethodCardBody
                      entity={
                        Object {
                          "description": "",
                          "id": 4,
                          "name": "Mobile App",
                          "paymentMethods": Array [
                            "debitCard",
                            "creditCard",
                            "mobilePhone",
                            "directDebit",
                          ],
                          "purchaseLocations": Array [
                            "mobileDevice",
                          ],
                          "ticketFormats": Array [
                            "mobileApp",
                          ],
                        }
                      }
                    />
                  </div>
                </div>
              </div>
              <input
                name="product-Great Product"
                type="hidden"
              />
            </div>
          </FormElementWrapper>
        </fieldset>
      </FormGroupWrapper>
    </div>
    <input
      className="govuk-button"
      id="continue-button"
      type="submit"
      value="Continue"
    />
    <a
      className="govuk-button govuk-button--secondary create-new-sop-button"
      data-module="govuk-button"
      draggable="false"
      href="/viewPurchaseMethods"
      id="create-new-button"
      role="button"
    >
      Create new
    </a>
  </CsrfForm>
</FullColumnLayout>
`;

exports[`pages selectPurchaseMethods should render correctly with no purchase methods 1`] = `
<FullColumnLayout
  description="Purchase Methods selection page of the Create Fares Data Service"
  title="Select Purchase Methods - Create Fares Data Service"
>
  <CsrfForm
    action="/api/selectSalesOfferPackage"
    csrfToken=""
    method="post"
  >
    <ErrorSummary
      errors={Array []}
    />
    <h1
      className="govuk-heading-l"
      id="select-sales-offer-package-page-heading"
    >
      How are your tickets sold?
    </h1>
    <div
      className="govuk-warning-text"
    >
      <span
        aria-hidden="true"
        className="govuk-warning-text__icon govuk-!-margin-top-1"
      >
        !
      </span>
      <strong
        className="govuk-warning-text__text"
      >
        <span
          className="govuk-warning-text__assistive"
        >
          Warning
        </span>
        You can create new purchase methods in your
         
        <a
          className="govuk-link"
          href="/viewPurchaseMethods"
        >
          operator settings.
        </a>
         
        <br />
        Don't worry you can navigate back to this page when you are finished.
      </strong>
    </div>
    <div
      className="sop-option"
      key="Great Product"
    >
      <FormGroupWrapper
        errorIds={
          Array [
            "product-GreatProduct-checkbox-0",
          ]
        }
        errors={Array []}
        hideErrorBar={false}
      >
        <fieldset
          className="govuk-fieldset"
        >
          <h1
            className="govuk-heading-m govuk-!-font-weight-regular govuk-!-padding-top-6 govuk-!-padding-bottom-2"
          >
            How is 
            <span
              className="govuk-!-font-weight-bold"
            >
              Great Product
            </span>
             sold?
          </h1>
          <FormElementWrapper
            errorClass=""
            errorId="product-GreatProduct-checkbox-0"
            errors={Array []}
          >
            <span
              className="govuk-body"
            >
              <i>
                You currently have no saved purchase methods
              </i>
            </span>
          </FormElementWrapper>
        </fieldset>
      </FormGroupWrapper>
    </div>
    <input
      className="govuk-button"
      id="continue-button"
      type="submit"
      value="Continue"
    />
    <a
      className="govuk-button govuk-button--secondary create-new-sop-button"
      data-module="govuk-button"
      draggable="false"
      href="/viewPurchaseMethods"
      id="create-new-button"
      role="button"
    >
      Create new
    </a>
  </CsrfForm>
</FullColumnLayout>
`;
