// Jest Snapshot v1, https://goo.gl/fbAQLP

exports[`ConfirmationTable should render the table with options 1`] = `
<Fragment>
  <div
    className="govuk-warning-text"
  >
    <span
      aria-hidden="true"
      className="govuk-warning-text__icon"
    >
      !
    </span>
    <strong
      className="govuk-warning-text__text"
    >
      <span
        className="govuk-warning-text__assistive"
      >
        Warning
      </span>
      You will not be shown these answers again, ensure they are correct
    </strong>
  </div>
  <dl
    className="govuk-summary-list"
  >
    <div
      className="govuk-summary-list__row"
      key="Name"
    >
      <dt
        className="govuk-summary-list__key"
      >
        Name
      </dt>
      <dd
        className="govuk-summary-list__value"
      >
        Bob
      </dd>
      <dd
        className="govuk-summary-list__actions"
      >
        <a
          className="govuk-link"
          href="/login"
        >
          change
          <span
            className="govuk-visually-hidden"
          >
            Name
          </span>
        </a>
      </dd>
    </div>
  </dl>
  <dl
    className="govuk-summary-list"
  >
    <div
      className="govuk-summary-list__row"
      key="House"
    >
      <dt
        className="govuk-summary-list__key"
      >
        House
      </dt>
      <dd
        className="govuk-summary-list__value"
      >
        Big
      </dd>
      <dd
        className="govuk-summary-list__actions"
      >
        <a
          className="govuk-link"
          href="/fareType"
        >
          change
          <span
            className="govuk-visually-hidden"
          >
            House
          </span>
        </a>
      </dd>
    </div>
  </dl>
</Fragment>
`;
