// Jest Snapshot v1, https://goo.gl/fbAQLP

exports[`_document should render correctly 1`] = `
<Html
  className="govuk-template app-html-class flexbox no-flexboxtweener"
  lang="en"
>
  <Head
    nonce=""
  />
  <body
    className="govuk-template__body app-body-class js-enabled"
  >
    <Header
      csrfToken=""
      isAuthed={true}
    />
    <div
      className="govuk-width-container app-width-container--wide"
    >
      <AlphaBanner />
      <Main />
    </div>
    <Footer />
    <NextScript
      nonce=""
    />
    <script
      nonce=""
      src="/scripts/all.js"
    />
    <script
      nonce=""
    >
      window.GOVUKFrontend.initAll()
    </script>
  </body>
</Html>
`;
