// Jest Snapshot v1, https://goo.gl/fbAQLP

exports[`pages confirmation should render correctly 1`] = `
<Component
  description="Sales Confirmation page of the Create Fares Data Service"
  errors={Array []}
  title="Sales Confirmation - Create Fares Data Service"
>
  <CsrfForm
    action="/api/salesConfirmation"
    csrfToken=""
    method="post"
  >
    <h1
      className="govuk-heading-l"
    >
      Check your sales information answers before submitting
    </h1>
    <ConfirmationTable
      confirmationElements={
        Array [
          Object {
            "content": "my way of selling tickets",
            "href": "selectSalesOfferPackage",
            "name": "Sales offer package 1 - A sales offer package",
          },
          Object {
            "content": "13-03-2017",
            "href": "productDateInformation",
            "name": "Ticket start date (default)",
          },
          Object {
            "content": "13-03-2057",
            "href": "productDateInformation",
            "name": "Ticket end date (default)",
          },
        ]
      }
      header="Sales Information"
    />
    <h2
      className="govuk-heading-m"
    >
      Now submit your data for NeTEx creation
    </h2>
    <p
      className="govuk-body"
    >
      By submitting this data you are confirming that, to the best of your knowledge, the details you are providing are correct.
    </p>
    <input
      className="govuk-button"
      id="continue-button"
      type="submit"
      value="Submit"
    />
  </CsrfForm>
</Component>
`;
