// Jest Snapshot v1, https://goo.gl/fbAQLP

exports[`pages thankyou should render correctly 1`] = `
<Component
  description="Thank you page for the Fares Data Build Tool"
  title="Thank You - Fares Data Build Tool"
>
  <div
    className="govuk-panel govuk-panel--confirmation"
  >
    <h1
      className="govuk-panel__title"
      id="thank-you-page-heading"
    >
      Upload complete
    </h1>
    <div
      className="govuk-panel__body"
      id="uuid-ref-number"
    >
      Your reference number
      <br />
      <strong>
        a1b2c3d4e5
      </strong>
    </div>
  </div>
  <h2
    className="govuk-heading-m"
  >
    What happens next
  </h2>
  <p
    className="govuk-body"
  >
    Thank you for submitting your fares data.
  </p>
  <p
    className="govuk-body"
  >
    Your data will be converted to the NeTEx format and published to the open data hub. You will be contacted should there be a problem with your upload.
  </p>
  <p
    className="govuk-body"
  >
    If you would like to provide feedback on this service, please click
     
    <a
      className="govuk-link"
      href="mailto:fdbt@transportforthenorth.com?bcc=tfn-feedback@infinityworks.com"
    >
      here
    </a>
  </p>
  <br />
  <a
    className="govuk-button"
    data-module="govuk-button"
    draggable="false"
    href="/"
    role="button"
  >
    Add another fare
  </a>
</Component>
`;
